13:30:07 **** Incremental Build of configuration Debug for project MiniLab00 ****
make -j8 all 
arm-none-eabi-gcc "../Core/Src/main.c" -mcpu=cortex-m4 -std=gnu11 -g3 -DDEBUG -DUSE_HAL_DRIVER -DSTM32L476xx -c -I../Core/Inc -I../Drivers/STM32L4xx_HAL_Driver/Inc -I../Drivers/STM32L4xx_HAL_Driver/Inc/Legacy -I../Drivers/CMSIS/Device/ST/STM32L4xx/Include -I../Drivers/CMSIS/Include -O0 -ffunction-sections -fdata-sections -Wall -fstack-usage -fcyclomatic-complexity -MMD -MP -MF"Core/Src/main.d" -MT"Core/Src/main.o" --specs=nano.specs -mfpu=fpv4-sp-d16 -mfloat-abi=hard -mthumb -o "Core/Src/main.o"
../Core/Src/main.c: In function 'main':
../Core/Src/main.c:110:37: warning: pointer targets in passing argument 2 of 'HAL_UART_Transmit' differ in signedness [-Wpointer-sign]
  110 |           HAL_UART_Transmit(&huart2,buffer,n,400);
      |                                     ^~~~~~
      |                                     |
      |                                     char *
In file included from ../Core/Inc/stm32l4xx_hal_conf.h:450,
                 from ../Drivers/STM32L4xx_HAL_Driver/Inc/stm32l4xx_hal.h:29,
                 from ../Core/Inc/main.h:30,
                 from ../Core/Src/main.c:20:
../Drivers/STM32L4xx_HAL_Driver/Inc/stm32l4xx_hal_uart.h:1697:79: note: expected 'const uint8_t *' {aka 'const unsigned char *'} but argument is of type 'char *'
 1697 | HAL_StatusTypeDef HAL_UART_Transmit(UART_HandleTypeDef *huart, const uint8_t *pData, uint16_t Size, uint32_t Timeout);
      |                                                                ~~~~~~~~~~~~~~~^~~~~
arm-none-eabi-gcc -o "MiniLab00.elf" @"objects.list"   -mcpu=cortex-m4 -T"C:\Users\magoo\OneDrive\Documents\GitHub\ME-507-Mechatronics-Lab\MiniLab00\STM32L476RGTX_FLASH.ld" --specs=nosys.specs -Wl,-Map="MiniLab00.map" -Wl,--gc-sections -static --specs=nano.specs -mfpu=fpv4-sp-d16 -mfloat-abi=hard -mthumb -Wl,--start-group -lc -lm -Wl,--end-group
Finished building target: MiniLab00.elf
 
arm-none-eabi-size  MiniLab00.elf 
arm-none-eabi-objdump -h -S MiniLab00.elf  > "MiniLab00.list"
   text	   data	    bss	    dec	    hex	filename
  15432	     92	   2100	  17624	   44d8	MiniLab00.elf
Finished building: default.size.stdout
 
Finished building: MiniLab00.list
 

13:30:09 Build Finished. 0 errors, 1 warnings. (took 1s.250ms)

