14:36:47 **** Incremental Build of configuration Debug for project MiniLab1 ****
make -j8 all 
arm-none-eabi-gcc "../Core/Src/stm32l4xx_hal_msp.c" -mcpu=cortex-m4 -std=gnu11 -g3 -DDEBUG -DUSE_HAL_DRIVER -DSTM32L476xx -c -I../Core/Inc -I../Drivers/STM32L4xx_HAL_Driver/Inc -I../Drivers/STM32L4xx_HAL_Driver/Inc/Legacy -I../Drivers/CMSIS/Device/ST/STM32L4xx/Include -I../Drivers/CMSIS/Include -O0 -ffunction-sections -fdata-sections -Wall -fstack-usage -fcyclomatic-complexity -MMD -MP -MF"Core/Src/stm32l4xx_hal_msp.d" -MT"Core/Src/stm32l4xx_hal_msp.o" --specs=nano.specs -mfpu=fpv4-sp-d16 -mfloat-abi=hard -mthumb -o "Core/Src/stm32l4xx_hal_msp.o"
arm-none-eabi-gcc -o "MiniLab1.elf" @"objects.list"   -mcpu=cortex-m4 -T"C:\Users\magoo\OneDrive\Documents\GitHub\ME-507-Mechatronics-Lab\MiniLab1\STM32L476RGTX_FLASH.ld" --specs=nosys.specs -Wl,-Map="MiniLab1.map" -Wl,--gc-sections -static --specs=nano.specs -mfpu=fpv4-sp-d16 -mfloat-abi=hard -mthumb -Wl,--start-group -lc -lm -Wl,--end-group
Finished building target: MiniLab1.elf
 
arm-none-eabi-size  MiniLab1.elf 
arm-none-eabi-objdump -h -S MiniLab1.elf  > "MiniLab1.list"
   text	   data	    bss	    dec	    hex	filename
  11376	     16	   1720	  13112	   3338	MiniLab1.elf
Finished building: default.size.stdout
 
Finished building: MiniLab1.list
 

14:36:48 Build Finished. 0 errors, 0 warnings. (took 850ms)

